// Jest Snapshot v1, https://goo.gl/fbAQLP

exports[`Home Container Should match snapshot 1`] = `
<div
  className="sc-bdVaJa gAZJRi"
>
  <h1
    className="sc-bwzfXH BMBwd"
  >
    Game of Thrones
  </h1>
  <ul
    className="sc-htpNat hHtpcc"
  />
</div>
`;
